// Jest Snapshot v1, https://goo.gl/fbAQLP

exports[`<App /> should match the snapshot 1`] = `
<BrowserRouter>
  <div
    className="App"
  >
    <Header />
    <Switch>
      <Route
        exact={true}
        path="/"
      >
        <div
          className="container d-flex align-items-center flex-column"
        >
          <LoginForm />
        </div>
      </Route>
      <Route
        path="/login"
      >
        <div
          className="container d-flex align-items-center flex-column"
        >
          <LoginForm />
        </div>
      </Route>
      <PrivateRoute
        path="/home"
      >
        <Home />
      </PrivateRoute>
    </Switch>
  </div>
</BrowserRouter>
`;
